--- Headless Verification for All Scenes ---
  [OK] Loaded: res://scenes/AccountScreen.tscn
  [OK] Instantiated: res://scenes/AccountScreen.tscn
  [OK] Loaded: res://scenes/AccountSettings.tscn
  [OK] Instantiated: res://scenes/AccountSettings.tscn
  [OK] Loaded: res://scenes/AchievementManager.tscn
  [OK] Instantiated: res://scenes/AchievementManager.tscn
  [OK] Loaded: res://scenes/CourseDetailScreen.tscn
  [OK] Instantiated: res://scenes/CourseDetailScreen.tscn
  [OK] Loaded: res://scenes/CustomPopup.tscn
  [OK] Instantiated: res://scenes/CustomPopup.tscn
  [OK] Loaded: res://scenes/InstrumentSelect.tscn
  [OK] Instantiated: res://scenes/InstrumentSelect.tscn
  [OK] Loaded: res://scenes/LeaderboardScreen.tscn
  [OK] Instantiated: res://scenes/LeaderboardScreen.tscn
  [OK] Loaded: res://scenes/LearningActivitiesScreen.tscn
  [OK] Instantiated: res://scenes/LearningActivitiesScreen.tscn
  [OK] Loaded: res://scenes/LearningQuizScreen.tscn
  [OK] Instantiated: res://scenes/LearningQuizScreen.tscn
  [OK] Loaded: res://scenes/LessonDanBau.tscn
  [OK] Instantiated: res://scenes/LessonDanBau.tscn
  [OK] Loaded: res://scenes/LessonDanTranh.tscn
  [OK] Instantiated: res://scenes/LessonDanTranh.tscn
  [OK] Loaded: res://scenes/LessonDanTranhList.tscn
  [OK] Instantiated: res://scenes/LessonDanTranhList.tscn
  [OK] Loaded: res://scenes/LessonSaoTruc.tscn
  [OK] Instantiated: res://scenes/LessonSaoTruc.tscn
  [OK] Loaded: res://scenes/LessonSaoTrucList.tscn
  [OK] Instantiated: res://scenes/LessonSaoTrucList.tscn
  [OK] Loaded: res://scenes/LessonTrongChau.tscn
  [OK] Instantiated: res://scenes/LessonTrongChau.tscn
  [OK] Loaded: res://scenes/LoadingScreen.tscn
  [OK] Instantiated: res://scenes/LoadingScreen.tscn
  [OK] Loaded: res://scenes/LoginScreen.tscn
  [OK] Instantiated: res://scenes/LoginScreen.tscn
  [OK] Loaded: res://scenes/MainMenu.tscn
  [OK] Instantiated: res://scenes/MainMenu.tscn
  [OK] Loaded: res://scenes/MelodyCompletionScreen.tscn
  [OK] Instantiated: res://scenes/MelodyCompletionScreen.tscn
  [OK] Loaded: res://scenes/PracticeDanBau.tscn
  [OK] Instantiated: res://scenes/PracticeDanBau.tscn
  [OK] Loaded: res://scenes/PracticeRoom.tscn
  [OK] Instantiated: res://scenes/PracticeRoom.tscn
  [OK] Loaded: res://scenes/PracticeSaoTruc.tscn
  [OK] Instantiated: res://scenes/PracticeSaoTruc.tscn
  [OK] Loaded: res://scenes/PracticeTrongChau.tscn
  [OK] Instantiated: res://scenes/PracticeTrongChau.tscn
  [OK] Loaded: res://scenes/ProgressScreen.tscn
  [OK] Instantiated: res://scenes/ProgressScreen.tscn
  [OK] Loaded: res://scenes/RhythmChallengeScreen.tscn
  [OK] Instantiated: res://scenes/RhythmChallengeScreen.tscn
  [OK] Loaded: res://scenes/SongScreen.tscn
  [OK] Instantiated: res://scenes/SongScreen.tscn
  [OK] Loaded: res://scenes/SplashScreen.tscn
  [OK] Instantiated: res://scenes/SplashScreen.tscn
  [OK] Loaded: res://scenes/VideoPlayer.tscn
  [OK] Instantiated: res://scenes/VideoPlayer.tscn
  [OK] Loaded: res://scenes/VirtualMusicRoom.tscn
  [OK] Instantiated: res://scenes/VirtualMusicRoom.tscn
--- Verification Complete (has_error = false) ---
